<?xml version="1.0" encoding="utf-8"?><testsuites><testsuite name="pytest" errors="0" failures="0" skipped="0" tests="27" time="0.118" timestamp="2025-11-30T22:27:04.185452" hostname="Melissa"><testcase classname="tests.test_main" name="test_confirmation_yes" time="0.001" /><testcase classname="tests.test_main" name="test_confirmation_no" time="0.001" /><testcase classname="tests.test_main" name="test_confirmation_invalid_then_yes" time="0.001" /><testcase classname="tests.test_main" name="test_ask_int_valid" time="0.001" /><testcase classname="tests.test_main" name="test_ask_int_invalid_then_valid" time="0.001" /><testcase classname="tests.test_main" name="test_cli_invalid_option" time="0.001" /><testcase classname="tests.test_main" name="test_cli_full_flow" time="0.001" /><testcase classname="tests.test_membership.TestRequirement1" name="test_select_valid_plan" time="0.001" /><testcase classname="tests.test_membership.TestRequirement1" name="test_select_invalid_plan" time="0.001" /><testcase classname="tests.test_membership.TestRequirement1" name="test_get_plans_list" time="0.001" /><testcase classname="tests.test_membership.TestRequirement2" name="test_add_valid_feature" time="0.001" /><testcase classname="tests.test_membership.TestRequirement2" name="test_add_invalid_feature" time="0.001" /><testcase classname="tests.test_membership.TestRequirement2" name="test_add_duplicate_feature" time="0.001" /><testcase classname="tests.test_membership.TestRequirement2" name="test_get_features_list" time="0.000" /><testcase classname="tests.test_membership.TestRequirement3" name="test_calculate_basic_cost" time="0.000" /><testcase classname="tests.test_membership.TestRequirement3" name="test_calculate_premium_cost" time="0.001" /><testcase classname="tests.test_membership.TestRequirement3" name="test_calculate_with_features" time="0.001" /><testcase classname="tests.test_membership.TestRequirement3" name="test_calculate_no_plan" time="0.001" /><testcase classname="tests.test_membership.TestRequirement4" name="test_group_discount_applied" time="0.001" /><testcase classname="tests.test_membership.TestRequirement4" name="test_group_discount_not_applied" time="0.000" /><testcase classname="tests.test_membership.TestRequirement5" name="test_discount_20_applies" time="0.001" /><testcase classname="tests.test_membership.TestRequirement5" name="test_discount_50_applies" time="0.001" /><testcase classname="tests.test_membership.TestRequirement6" name="test_premium_feature_surcharge" time="0.001" /><testcase classname="tests.test_membership.TestRequirement6" name="test_no_premium_surcharge" time="0.001" /><testcase classname="tests.test_membership.TestRequirement7" name="test_validate_plan_availability" time="0.001" /><testcase classname="tests.test_membership.TestRequirement7" name="test_validate_feature_availability" time="0.001" /><testcase classname="tests.test_membership.TestIntegration" name="test_complete_flow" time="0.001" /></testsuite></testsuites>